// Jest Snapshot v1, https://goo.gl/fbAQLP

exports[`iterateWithinBounds 1`] = `
[
  {
    "coord": [
      1,
      1,
    ],
    "value": 5,
  },
  {
    "coord": [
      2,
      1,
    ],
    "value": 5,
  },
  {
    "coord": [
      3,
      1,
    ],
    "value": 1,
  },
  {
    "coord": [
      1,
      2,
    ],
    "value": 5,
  },
  {
    "coord": [
      2,
      2,
    ],
    "value": 3,
  },
  {
    "coord": [
      3,
      2,
    ],
    "value": 3,
  },
  {
    "coord": [
      1,
      3,
    ],
    "value": 3,
  },
  {
    "coord": [
      2,
      3,
    ],
    "value": 5,
  },
  {
    "coord": [
      3,
      3,
    ],
    "value": 4,
  },
]
`;
